[   87969ms] [WARNING] Unrecognized feature: 'web-share'. @ https://www.youtube.com/s/player/8a6e7bc4/www-widgetapi.vflset/www-widgetapi.js:193
[  196975ms] ReferenceError: autoplay is not defined

	in <unknown>
	in IngestViewer.svelte
	in App.svelte
	in undefined

    at consequent_3 (http://localhost:5173/src/lib/components/IngestViewer.svelte?t=1775779284698:510:17)
    at http://localhost:5173/node_modules/.vite/deps/chunk-GZ7M3EAG.js?v=4e2961e7:631:24
    at update_reaction (http://localhost:5173/node_modules/.vite/deps/chunk-YSPUT2TZ.js?v=4e2961e7:3960:18)
    at update_effect (http://localhost:5173/node_modules/.vite/deps/chunk-YSPUT2TZ.js?v=4e2961e7:4101:21)
    at create_effect (http://localhost:5173/node_modules/.vite/deps/chunk-YSPUT2TZ.js?v=4e2961e7:3444:7)
    at branch (http://localhost:5173/node_modules/.vite/deps/chunk-YSPUT2TZ.js?v=4e2961e7:3624:10)
    at BranchManager.ensure (http://localhost:5173/node_modules/.vite/deps/chunk-GZ7M3EAG.js?v=4e2961e7:631:11)
    at update_branch (http://localhost:5173/node_modules/.vite/deps/chunk-GZ7M3EAG.js?v=4e2961e7:776:14)
    at http://localhost:5173/node_modules/.vite/deps/chunk-GZ7M3EAG.js?v=4e2961e7:782:7
    at http://localhost:5173/src/lib/components/IngestViewer.svelte?t=1775779284698:529:42
[  213817ms] ReferenceError: autoplay is not defined

	in <unknown>
	in IngestViewer.svelte
	in App.svelte
	in undefined

    at consequent_3 (http://localhost:5173/src/lib/components/IngestViewer.svelte?t=1775779301636:511:17)
    at http://localhost:5173/node_modules/.vite/deps/chunk-GZ7M3EAG.js?v=4e2961e7:631:24
    at update_reaction (http://localhost:5173/node_modules/.vite/deps/chunk-YSPUT2TZ.js?v=4e2961e7:3960:18)
    at update_effect (http://localhost:5173/node_modules/.vite/deps/chunk-YSPUT2TZ.js?v=4e2961e7:4101:21)
    at create_effect (http://localhost:5173/node_modules/.vite/deps/chunk-YSPUT2TZ.js?v=4e2961e7:3444:7)
    at branch (http://localhost:5173/node_modules/.vite/deps/chunk-YSPUT2TZ.js?v=4e2961e7:3624:10)
    at BranchManager.ensure (http://localhost:5173/node_modules/.vite/deps/chunk-GZ7M3EAG.js?v=4e2961e7:631:11)
    at update_branch (http://localhost:5173/node_modules/.vite/deps/chunk-GZ7M3EAG.js?v=4e2961e7:776:14)
    at http://localhost:5173/node_modules/.vite/deps/chunk-GZ7M3EAG.js?v=4e2961e7:782:7
    at http://localhost:5173/src/lib/components/IngestViewer.svelte?t=1775779301636:530:42
[  262422ms] ReferenceError: markSpeakerIrrelevant is not defined

	in <unknown>
	in IngestViewer.svelte
	in App.svelte
	in undefined

    at $.add_svelte_meta.componentTag (http://localhost:5173/src/lib/components/IngestViewer.svelte?t=1775779350209:604:25)
    at Module.add_svelte_meta (http://localhost:5173/node_modules/.vite/deps/chunk-YSPUT2TZ.js?v=4e2961e7:589:12)
    at consequent_7 (http://localhost:5173/src/lib/components/IngestViewer.svelte?t=1775779350209:590:7)
    at http://localhost:5173/node_modules/.vite/deps/chunk-GZ7M3EAG.js?v=4e2961e7:631:24
    at update_reaction (http://localhost:5173/node_modules/.vite/deps/chunk-YSPUT2TZ.js?v=4e2961e7:3960:18)
    at update_effect (http://localhost:5173/node_modules/.vite/deps/chunk-YSPUT2TZ.js?v=4e2961e7:4101:21)
    at create_effect (http://localhost:5173/node_modules/.vite/deps/chunk-YSPUT2TZ.js?v=4e2961e7:3444:7)
    at branch (http://localhost:5173/node_modules/.vite/deps/chunk-YSPUT2TZ.js?v=4e2961e7:3624:10)
    at BranchManager.ensure (http://localhost:5173/node_modules/.vite/deps/chunk-GZ7M3EAG.js?v=4e2961e7:631:11)
    at update_branch (http://localhost:5173/node_modules/.vite/deps/chunk-GZ7M3EAG.js?v=4e2961e7:776:14)
[ 2094226ms] [WARNING] Unrecognized feature: 'web-share'. @ https://www.youtube.com/s/player/8a6e7bc4/www-widgetapi.vflset/www-widgetapi.js:193
[ 2239320ms] ReferenceError: toggleSpeakerIrrelevant is not defined

	in <unknown>
	in IngestViewer.svelte
	in App.svelte
	in undefined

    at $.add_svelte_meta.componentTag (http://localhost:5173/src/lib/components/IngestViewer.svelte?t=1775781327158:609:26)
    at Module.add_svelte_meta (http://localhost:5173/node_modules/.vite/deps/chunk-YSPUT2TZ.js?v=4e2961e7:589:12)
    at consequent_7 (http://localhost:5173/src/lib/components/IngestViewer.svelte?t=1775781327158:595:6)
    at http://localhost:5173/node_modules/.vite/deps/chunk-GZ7M3EAG.js?v=4e2961e7:631:24
    at update_reaction (http://localhost:5173/node_modules/.vite/deps/chunk-YSPUT2TZ.js?v=4e2961e7:3960:18)
    at update_effect (http://localhost:5173/node_modules/.vite/deps/chunk-YSPUT2TZ.js?v=4e2961e7:4101:21)
    at create_effect (http://localhost:5173/node_modules/.vite/deps/chunk-YSPUT2TZ.js?v=4e2961e7:3444:7)
    at branch (http://localhost:5173/node_modules/.vite/deps/chunk-YSPUT2TZ.js?v=4e2961e7:3624:10)
    at BranchManager.ensure (http://localhost:5173/node_modules/.vite/deps/chunk-GZ7M3EAG.js?v=4e2961e7:631:11)
    at update_branch (http://localhost:5173/node_modules/.vite/deps/chunk-GZ7M3EAG.js?v=4e2961e7:776:14)
[ 2410850ms] [WARNING] Unrecognized feature: 'web-share'. @ https://www.youtube.com/s/player/8a6e7bc4/www-widgetapi.vflset/www-widgetapi.js:193
